15:39:03 **** Build of configuration Debug for project 002Sizeof ****
make -j8 all 
arm-none-eabi-gcc -mcpu=cortex-m4 -g3 -c -x assembler-with-cpp --specs=nano.specs -mfloat-abi=soft -mthumb -o "Startup/startup_stm32f446retx.o" "../Startup/startup_stm32f446retx.s"
arm-none-eabi-gcc "../Src/main.c" -mcpu=cortex-m4 -std=gnu11 -g3 -DSTM32 -DSTM32F4 -DSTM32F446RETx -DDEBUG -DNUCLEO_F446RE -c -I../Inc -O0 -ffunction-sections -fdata-sections -Wall -specs=rdimon.specs -lc -lrdimon -fstack-usage -MMD -MP -MF"Src/main.d" -MT"Src/main.o" --specs=nano.specs -mfloat-abi=soft -mthumb -o "Src/main.o"
arm-none-eabi-gcc "../Src/syscalls.c" -mcpu=cortex-m4 -std=gnu11 -g3 -DSTM32 -DSTM32F4 -DSTM32F446RETx -DDEBUG -DNUCLEO_F446RE -c -I../Inc -O0 -ffunction-sections -fdata-sections -Wall -specs=rdimon.specs -lc -lrdimon -fstack-usage -MMD -MP -MF"Src/syscalls.d" -MT"Src/syscalls.o" --specs=nano.specs -mfloat-abi=soft -mthumb -o "Src/syscalls.o"
arm-none-eabi-gcc "../Src/sysmem.c" -mcpu=cortex-m4 -std=gnu11 -g3 -DSTM32 -DSTM32F4 -DSTM32F446RETx -DDEBUG -DNUCLEO_F446RE -c -I../Inc -O0 -ffunction-sections -fdata-sections -Wall -specs=rdimon.specs -lc -lrdimon -fstack-usage -MMD -MP -MF"Src/sysmem.d" -MT"Src/sysmem.o" --specs=nano.specs -mfloat-abi=soft -mthumb -o "Src/sysmem.o"
arm-none-eabi-gcc -o "002Sizeof.elf" @"objects.list"   -mcpu=cortex-m4 -T"C:\Users\achliopa\workspace\udemy\embedded_c\myCode\target\002Sizeof\STM32F446RETX_FLASH.ld" --specs=nosys.specs -Wl,-Map="002Sizeof.map" -Wl,--gc-sections -static --specs=nano.specs -mfloat-abi=soft -mthumb -Wl,--start-group -lc -lm -Wl,--end-group
Finished building target: 002Sizeof.elf
 
arm-none-eabi-size   002Sizeof.elf 
arm-none-eabi-objdump -h -S  002Sizeof.elf  > "002Sizeof.list"
arm-none-eabi-objcopy  -O binary  002Sizeof.elf  "002Sizeof.bin"
   text	   data	    bss	    dec	    hex	filename
   5228	    108	   1580	   6916	   1b04	002Sizeof.elf
Finished building: default.size.stdout
 
Finished building: 002Sizeof.bin
 
Finished building: 002Sizeof.list
 

15:39:04 Build Finished. 0 errors, 0 warnings. (took 825ms)

