17:53:51 **** Build of configuration Debug for project 006BiFields ****
make -j8 all 
arm-none-eabi-gcc -mcpu=cortex-m4 -g3 -c -x assembler-with-cpp --specs=nano.specs -mfloat-abi=soft -mthumb -o "Startup/startup_stm32f446retx.o" "../Startup/startup_stm32f446retx.s"
arm-none-eabi-gcc "../Src/main.c" -mcpu=cortex-m4 -std=gnu11 -g3 -DSTM32 -DSTM32F4 -DSTM32F446RETx -DDEBUG -DNUCLEO_F446RE -c -I../Inc -O0 -ffunction-sections -fdata-sections -Wall -fstack-usage -MMD -MP -MF"Src/main.d" -MT"Src/main.o" --specs=nano.specs -mfloat-abi=soft -mthumb -o "Src/main.o"
arm-none-eabi-gcc "../Src/syscalls.c" -mcpu=cortex-m4 -std=gnu11 -g3 -DSTM32 -DSTM32F4 -DSTM32F446RETx -DDEBUG -DNUCLEO_F446RE -c -I../Inc -O0 -ffunction-sections -fdata-sections -Wall -fstack-usage -MMD -MP -MF"Src/syscalls.d" -MT"Src/syscalls.o" --specs=nano.specs -mfloat-abi=soft -mthumb -o "Src/syscalls.o"
arm-none-eabi-gcc "../Src/sysmem.c" -mcpu=cortex-m4 -std=gnu11 -g3 -DSTM32 -DSTM32F4 -DSTM32F446RETx -DDEBUG -DNUCLEO_F446RE -c -I../Inc -O0 -ffunction-sections -fdata-sections -Wall -fstack-usage -MMD -MP -MF"Src/sysmem.d" -MT"Src/sysmem.o" --specs=nano.specs -mfloat-abi=soft -mthumb -o "Src/sysmem.o"
arm-none-eabi-gcc -o "006BiFields.elf" @"objects.list"   -mcpu=cortex-m4 -T"C:\Users\achliopa\workspace\udemy\embedded_c\myCode\target\006BiFields\STM32F446RETX_FLASH.ld" --specs=nosys.specs -Wl,-Map="006BiFields.map" -Wl,--gc-sections -static --specs=nano.specs -mfloat-abi=soft -mthumb -Wl,--start-group -lc -lm -Wl,--end-group
Finished building target: 006BiFields.elf
 
arm-none-eabi-size   006BiFields.elf 
arm-none-eabi-objdump -h -S  006BiFields.elf  > "006BiFields.list"
arm-none-eabi-objcopy  -O binary  006BiFields.elf  "006BiFields.bin"
   text	   data	    bss	    dec	    hex	filename
    816	      8	   1568	   2392	    958	006BiFields.elf
Finished building: default.size.stdout
 
Finished building: 006BiFields.bin
Finished building: 006BiFields.list
 
 
17:54:04 **** Incremental Build of configuration Debug for project 006BiFields ****
make -j8 all 
arm-none-eabi-size   006BiFields.elf 
   text	   data	    bss	    dec	    hex	filename
    816	      8	   1568	   2392	    958	006BiFields.elf
Finished building: default.size.stdout
 
